[+] Containers:
 |- [+] Container: /Game/FirstPerson/Maps/FirstPersonMap
 |   |- [+] ActorDescs:
 |   |   |- Guid:026CC4024B7001C2940044AC6AEF862D BaseClass: NativeClass:/Script/Engine.StaticMeshActor Name:StaticMeshActor_UAID_0CCC47EEFD5416F702_1280499214 Label:Casa05 SpatiallyLoaded:1 Bounds:IsValid=true, Min=(X=689.228 Y=2066.272 Z=97.716), Max=(X=909.637 Y=2303.994 Z=308.834) RuntimeGrid:None EditorOnly:0 RuntimeOnly:0 HLODRelevant:1 ListedInSceneOutliner:1 IsMainWorldOnly:0
 |   |   |- Guid:03F81C7B4A0B317EA2B8039EB558D920 BaseClass: NativeClass:/Script/Engine.StaticMeshActor Name:StaticMeshActor_UAID_0CCC47EEFD5493FC02_1790579485 Label:castelo_castelo SpatiallyLoaded:1 Bounds:IsValid=true, Min=(X=-932.557 Y=1273.607 Z=61.233), Max=(X=-343.913 Y=1861.837 Z=957.729) RuntimeGrid:None EditorOnly:0 RuntimeOnly:0 HLODRelevant:1 ListedInSceneOutliner:1 IsMainWorldOnly:0
 |   |   |- Guid:06C056C449921BE4B069CE98E7690F52 BaseClass: NativeClass:/Script/Engine.StaticMeshActor Name:StaticMeshActor_UAID_0CCC47EEFD5494FC02_1378096664 Label:Casa3 SpatiallyLoaded:1 Bounds:IsValid=true, Min=(X=2102.394 Y=2025.173 Z=68.423), Max=(X=2350.073 Y=2375.159 Z=395.968) RuntimeGrid:None EditorOnly:0 RuntimeOnly:0 HLODRelevant:1 ListedInSceneOutliner:1 IsMainWorldOnly:0
 |   |   |- Guid:0A3BDD2A41F4C12147BC39BBFA9E95FC BaseClass: NativeClass:/Script/Engine.StaticMeshActor Name:StaticMeshActor_UAID_0CCC47EEFD54E6FC02_1414536094 Label:Trees4 SpatiallyLoaded:1 Bounds:IsValid=true, Min=(X=-2538.588 Y=5121.015 Z=23.282), Max=(X=3352.744 Y=9668.961 Z=676.782) RuntimeGrid:None EditorOnly:0 RuntimeOnly:0 HLODRelevant:1 ListedInSceneOutliner:1 IsMainWorldOnly:0
 |   |   |- Guid:1283181E46DEA9C73C1437860945DA93 BaseClass: NativeClass:/Script/Engine.StaticMeshActor Name:StaticMeshActor_UAID_0CCC47EEFD5415F702_1952248037 Label:Casa04 SpatiallyLoaded:1 Bounds:IsValid=true, Min=(X=625.670 Y=2446.463 Z=70.000), Max=(X=906.312 Y=2659.547 Z=445.371) RuntimeGrid:None EditorOnly:0 RuntimeOnly:0 HLODRelevant:1 ListedInSceneOutliner:1 IsMainWorldOnly:0
 |   |   |- Guid:1BCDA846478BD0EF832A68AF7E9A5044 BaseClass: NativeClass:/Script/Engine.StaticMeshActor Name:StaticMeshActor_UAID_0CCC47EEFD5415F702_1253212034 Label:Casa03 SpatiallyLoaded:1 Bounds:IsValid=true, Min=(X=1376.818 Y=1836.989 Z=69.310), Max=(X=1640.769 Y=2212.313 Z=560.415) RuntimeGrid:None EditorOnly:0 RuntimeOnly:0 HLODRelevant:1 ListedInSceneOutliner:1 IsMainWorldOnly:0
 |   |   |- Guid:1F2EF8B048AF15EE3B7911A78AB661D0 BaseClass: NativeClass:/Script/Engine.StaticMeshActor Name:StaticMeshActor_UAID_0CCC47EEFD54E6FC02_1511468096 Label:Trees6 SpatiallyLoaded:1 Bounds:IsValid=true, Min=(X=2322.445 Y=-6783.976 Z=23.282), Max=(X=8174.235 Y=-326.001 Z=676.782) RuntimeGrid:None EditorOnly:0 RuntimeOnly:0 HLODRelevant:1 ListedInSceneOutliner:1 IsMainWorldOnly:0
 |   |   |- Guid:206169934231315FE95554A59913A065 BaseClass: NativeClass:/Script/Engine.StaticMeshActor Name:StaticMeshActor_UAID_0CCC47EEFD5493FC02_1620849482 Label:castelo_muralhas_pequenas SpatiallyLoaded:1 Bounds:IsValid=true, Min=(X=23.267 Y=1241.657 Z=65.694), Max=(X=52.959 Y=2213.827 Z=252.108) RuntimeGrid:None EditorOnly:0 RuntimeOnly:0 HLODRelevant:1 ListedInSceneOutliner:1 IsMainWorldOnly:0
 |   |   |- Guid:20FE21084F77B0CD34F0EFB132CAFAF2 BaseClass: NativeClass:/Script/Engine.StaticMeshActor Name:StaticMeshActor_UAID_0CCC47EEFD54E6FC02_1493343095 Label:Trees5 SpatiallyLoaded:1 Bounds:IsValid=true, Min=(X=-6915.054 Y=-6416.481 Z=23.282), Max=(X=-457.079 Y=-564.691 Z=676.782) RuntimeGrid:None EditorOnly:0 RuntimeOnly:0 HLODRelevant:1 ListedInSceneOutliner:1 IsMainWorldOnly:0
 |   |   |- Guid:26A4058742015A3C6F4889BD4F0C5DA3 BaseClass: NativeClass:/Script/Engine.StaticMeshActor Name:StaticMeshActor_UAID_0CCC47EEFD5416F702_1482443215 Label:Casa06 SpatiallyLoaded:1 Bounds:IsValid=true, Min=(X=644.471 Y=1711.100 Z=67.054), Max=(X=889.374 Y=1942.818 Z=481.736) RuntimeGrid:None EditorOnly:0 RuntimeOnly:0 HLODRelevant:1 ListedInSceneOutliner:1 IsMainWorldOnly:0
 |   |   |- Guid:2841757547EDDBCA04D40B984D663B18 BaseClass: NativeClass:/Script/Engine.StaticMeshActor Name:StaticMeshActor_UAID_0CCC47EEFD5494FC02_1587989667 Label:Casinhas2 SpatiallyLoaded:1 Bounds:IsValid=true, Min=(X=2063.170 Y=1017.031 Z=80.000), Max=(X=2224.600 Y=1508.610 Z=243.826) RuntimeGrid:None EditorOnly:0 RuntimeOnly:0 HLODRelevant:1 ListedInSceneOutliner:1 IsMainWorldOnly:0
 |   |   |- Guid:2D7941D9466692FA597A0688E0C53C67 BaseClass: NativeClass:/Script/Engine.StaticMeshActor Name:StaticMeshActor_UAID_0CCC47EEFD5414F702_1102938847 Label:Casa01 SpatiallyLoaded:1 Bounds:IsValid=true, Min=(X=1414.681 Y=2317.702 Z=74.551), Max=(X=1711.230 Y=2691.932 Z=450.059) RuntimeGrid:None EditorOnly:0 RuntimeOnly:0 HLODRelevant:1 ListedInSceneOutliner:1 IsMainWorldOnly:0
 |   |   |- Guid:35FEE8824A8A6659AD89CAA211B42BAB BaseClass: NativeClass:/Script/Engine.StaticMeshActor Name:StaticMeshActor_UAID_0CCC47EEFD5493FC02_1845644486 Label:castelo_torre_grandona SpatiallyLoaded:1 Bounds:IsValid=true, Min=(X=-905.411 Y=1878.238 Z=63.830), Max=(X=-581.930 Y=2214.206 Z=1395.921) RuntimeGrid:None EditorOnly:0 RuntimeOnly:0 HLODRelevant:1 ListedInSceneOutliner:1 IsMainWorldOnly:0
 |   |   |- Guid:444755C54FF0BD0A838D5DB0B5A3E831 BaseClass: NativeClass:/Script/Engine.StaticMeshActor Name:StaticMeshActor_UAID_0CCC47EEFD54B3F702_2095091834 Label:Ponto3 SpatiallyLoaded:1 Bounds:IsValid=true, Min=(X=1070.598 Y=2948.988 Z=108.765), Max=(X=1086.879 Y=2965.268 Z=125.046) RuntimeGrid:None EditorOnly:0 RuntimeOnly:0 HLODRelevant:1 ListedInSceneOutliner:1 IsMainWorldOnly:0
 |   |   |- Guid:531A80984275105E210306909DB0BEDE BaseClass: NativeClass:/Script/Engine.StaticMeshActor Name:StaticMeshActor_UAID_0CCC47EEFD54E6FC02_1547204098 Label:Trees8 SpatiallyLoaded:1 Bounds:IsValid=true, Min=(X=-7591.520 Y=2541.422 Z=23.282), Max=(X=-1345.829 Y=8991.242 Z=676.782) RuntimeGrid:None EditorOnly:0 RuntimeOnly:0 HLODRelevant:1 ListedInSceneOutliner:1 IsMainWorldOnly:0
 |   |   |- Guid:5330E1A2417BDC0D35CF0A9E134B9B4B BaseClass: NativeClass:/Script/Engine.StaticMeshActor Name:StaticMeshActor_UAID_0CCC47EEFD54E6FC02_1388188092 Label:Trees2 SpatiallyLoaded:1 Bounds:IsValid=true, Min=(X=-6993.219 Y=-1486.401 Z=23.282), Max=(X=-2445.272 Y=4404.931 Z=676.782) RuntimeGrid:None EditorOnly:0 RuntimeOnly:0 HLODRelevant:1 ListedInSceneOutliner:1 IsMainWorldOnly:0
 |   |   |- Guid:56C47F3342D1FF301561C3831DACF302 BaseClass: NativeClass:/Script/Engine.StaticMeshActor Name:StaticMeshActor_UAID_0CCC47EEFD54E5FC02_1916746915 Label:Trees SpatiallyLoaded:1 Bounds:IsValid=true, Min=(X=4573.413 Y=-1778.224 Z=23.282), Max=(X=9121.359 Y=4113.107 Z=676.782) RuntimeGrid:None EditorOnly:0 RuntimeOnly:0 HLODRelevant:1 ListedInSceneOutliner:1 IsMainWorldOnly:0
 |   |   |- Guid:5B31A4384765C5AF83FB4A89F5096E23 BaseClass: NativeClass:/Script/Engine.StaticMeshActor Name:StaticMeshActor_UAID_0CCC47EEFD5414F702_2014159856 Label:Caminho06 SpatiallyLoaded:1 Bounds:IsValid=true, Min=(X=48.596 Y=1617.228 Z=-20.000), Max=(X=411.404 Y=1811.216 Z=80.000) RuntimeGrid:None EditorOnly:0 RuntimeOnly:0 HLODRelevant:1 ListedInSceneOutliner:1 IsMainWorldOnly:0
 |   |   |- Guid:607F16D841DF35F93AC9B9901180E98A BaseClass: NativeClass:/Script/Engine.StaticMeshActor Name:StaticMeshActor_UAID_0CCC47EEFD5414F702_1934550852 Label:Caminho02 SpatiallyLoaded:1 Bounds:IsValid=true, Min=(X=982.863 Y=955.814 Z=-20.000), Max=(X=1846.881 Y=1149.802 Z=80.000) RuntimeGrid:None EditorOnly:0 RuntimeOnly:0 HLODRelevant:1 ListedInSceneOutliner:1 IsMainWorldOnly:0
 |   |   |- Guid:61391D344900612A77DFC3BA3E354907 BaseClass: NativeClass:/Script/Engine.ExponentialHeightFog Name:ExponentialHeightFog_0 Label:ExponentialHeightFog SpatiallyLoaded:0 Bounds:IsValid=true, Min=(X=-5600.000 Y=-50.000 Z=-6850.000), Max=(X=-5600.000 Y=-50.000 Z=-6850.000) RuntimeGrid:None EditorOnly:0 RuntimeOnly:0 HLODRelevant:0 ListedInSceneOutliner:1 IsMainWorldOnly:0 FolderPath:Lighting FolderGuid:0BA5F0A04EADB18E70D5B180D08FA34B
 |   |   |- Guid:6FEFB3BD4EB37B849EF0D4AC80F83855 BaseClass: NativeClass:/Script/Engine.WorldDataLayers Name:WorldDataLayers Label:WorldDataLayers SpatiallyLoaded:0 Bounds:IsValid=true, Min=(X=0.000 Y=0.000 Z=0.000), Max=(X=0.000 Y=0.000 Z=0.000) RuntimeGrid:None EditorOnly:0 RuntimeOnly:0 HLODRelevant:0 ListedInSceneOutliner:1 IsMainWorldOnly:1
 |   |   |- Guid:7609ED534F6B5DFD3B2555B9709C2D93 BaseClass: NativeClass:/Script/Engine.StaticMeshActor Name:StaticMeshActor_UAID_0CCC47EEFD5414F702_2002780855 Label:Caminho05 SpatiallyLoaded:1 Bounds:IsValid=true, Min=(X=273.006 Y=1618.236 Z=-20.000), Max=(X=466.994 Y=3053.250 Z=80.000) RuntimeGrid:None EditorOnly:0 RuntimeOnly:0 HLODRelevant:1 ListedInSceneOutliner:1 IsMainWorldOnly:0
 |   |   |- Guid:78CAF7514C7533F30BD2F19A017AAB65 BaseClass: NativeClass:/Script/Engine.StaticMeshActor Name:StaticMeshActor_0 Label:SM_Cube SpatiallyLoaded:1 Bounds:IsValid=true, Min=(X=-57385.067 Y=-62470.590 Z=-50.000), Max=(X=61122.391 Y=91665.384 Z=65.000) RuntimeGrid:None EditorOnly:0 RuntimeOnly:0 HLODRelevant:1 ListedInSceneOutliner:1 IsMainWorldOnly:0 FolderPath:Playground FolderGuid:6C02BB504B69D1F3D7A624B130C18E5B
 |   |   |- Guid:7B89750F4748614AE07BBE82AEE7EE08 BaseClass: NativeClass:/Script/Engine.StaticMeshActor Name:StaticMeshActor_UAID_0CCC47EEFD5493FC02_1741548484 Label:castelo_MURALHAS SpatiallyLoaded:1 Bounds:IsValid=true, Min=(X=-1011.602 Y=1190.595 Z=65.339), Max=(X=10.533 Y=2264.888 Z=323.176) RuntimeGrid:None EditorOnly:0 RuntimeOnly:0 HLODRelevant:1 ListedInSceneOutliner:1 IsMainWorldOnly:0
 |   |   |- Guid:7C090C4241DCE889B5B7D4B7521401A3 BaseClass: NativeClass:/Script/Engine.StaticMeshActor Name:StaticMeshActor_UAID_0CCC47EEFD5494FC02_1562193666 Label:Casa5 SpatiallyLoaded:1 Bounds:IsValid=true, Min=(X=2073.688 Y=2924.604 Z=70.000), Max=(X=2354.330 Y=3137.688 Z=445.371) RuntimeGrid:None EditorOnly:0 RuntimeOnly:0 HLODRelevant:1 ListedInSceneOutliner:1 IsMainWorldOnly:0
 |   |   |- Guid:7DFBA70E450D0480DD0ED5A542B56066 BaseClass: NativeClass:/Script/Engine.StaticMeshActor Name:StaticMeshActor_UAID_0CCC47EEFD5494FC02_1674539670 Label:Casinhas3 SpatiallyLoaded:1 Bounds:IsValid=true, Min=(X=1221.390 Y=733.170 Z=80.000), Max=(X=1712.969 Y=894.600 Z=243.826) RuntimeGrid:None EditorOnly:0 RuntimeOnly:0 HLODRelevant:1 ListedInSceneOutliner:1 IsMainWorldOnly:0
 |   |   |- Guid:85E17AFD4ABCD87B03098E97E88E7CD5 BaseClass: NativeClass:/Script/Engine.StaticMeshActor Name:StaticMeshActor_UAID_0CCC47EEFD5416F702_1714437217 Label:Casa07 SpatiallyLoaded:1 Bounds:IsValid=true, Min=(X=195.152 Y=1034.954 Z=65.000), Max=(X=586.393 Y=1474.880 Z=490.062) RuntimeGrid:None EditorOnly:0 RuntimeOnly:0 HLODRelevant:1 ListedInSceneOutliner:1 IsMainWorldOnly:0
 |   |   |- Guid:8EEE95A3435133CF5069C1A5CA8B4C52 BaseClass: NativeClass:/Script/Engine.StaticMeshActor Name:StaticMeshActor_UAID_0CCC47EEFD54B3F702_2095537835 Label:Ponto4 SpatiallyLoaded:1 Bounds:IsValid=true, Min=(X=357.860 Y=2967.707 Z=108.765), Max=(X=374.141 Y=2983.987 Z=125.046) RuntimeGrid:None EditorOnly:0 RuntimeOnly:0 HLODRelevant:1 ListedInSceneOutliner:1 IsMainWorldOnly:0
 |   |   |- Guid:94FF1F6E4A8DD24F39450CA3C737683D BaseClass: NativeClass:/Script/Engine.StaticMeshActor Name:StaticMeshActor_UAID_0CCC47EEFD5494FC02_1543548665 Label:Casa6 SpatiallyLoaded:1 Bounds:IsValid=true, Min=(X=2180.198 Y=2519.107 Z=97.716), Max=(X=2400.608 Y=2756.828 Z=308.834) RuntimeGrid:None EditorOnly:0 RuntimeOnly:0 HLODRelevant:1 ListedInSceneOutliner:1 IsMainWorldOnly:0
 |   |   |- Guid:9E1553F9429909E159D0A38EC39BBECB BaseClass: NativeClass:/Script/Engine.StaticMeshActor Name:StaticMeshActor_UAID_0CCC47EEFD54B3F702_2094439833 Label:Ponto2 SpatiallyLoaded:1 Bounds:IsValid=true, Min=(X=1070.138 Y=1062.170 Z=108.765), Max=(X=1086.418 Y=1078.450 Z=125.046) RuntimeGrid:None EditorOnly:0 RuntimeOnly:0 HLODRelevant:1 ListedInSceneOutliner:1 IsMainWorldOnly:0
 |   |   |- Guid:A354B1B24E617A525DC6B48CCDE2417E BaseClass: NativeClass:/Script/Engine.PlayerStart Name:PlayerStart_0 Label:PlayerStart SpatiallyLoaded:0 Bounds:IsValid=true, Min=(X=1779.384 Y=-173.915 Z=1277.772), Max=(X=1859.384 Y=-35.808 Z=1478.037) RuntimeGrid:None EditorOnly:0 RuntimeOnly:0 HLODRelevant:0 ListedInSceneOutliner:1 IsMainWorldOnly:0
 |   |   |- Guid:A8561E864A95F6C46B8C5E988FFB8ADB BaseClass: NativeClass:/Script/Engine.StaticMeshActor Name:StaticMeshActor_UAID_0CCC47EEFD5414F702_1598359849 Label:Casa02 SpatiallyLoaded:1 Bounds:IsValid=true, Min=(X=1359.927 Y=2724.841 Z=68.423), Max=(X=1607.606 Y=3074.827 Z=395.968) RuntimeGrid:None EditorOnly:0 RuntimeOnly:0 HLODRelevant:1 ListedInSceneOutliner:1 IsMainWorldOnly:0
 |   |   |- Guid:B72A47084C8CCA06A62B7685AEEB7562 BaseClass: NativeClass:/Script/Engine.StaticMeshActor Name:StaticMeshActor_UAID_0CCC47EEFD5493FC02_1680332483 Label:castelo_TORRE_GRANDE SpatiallyLoaded:1 Bounds:IsValid=true, Min=(X=-1058.469 Y=1145.680 Z=65.333), Max=(X=108.214 Y=2309.803 Z=413.023) RuntimeGrid:None EditorOnly:0 RuntimeOnly:0 HLODRelevant:1 ListedInSceneOutliner:1 IsMainWorldOnly:0
 |   |   |- Guid:BA1E14884E5B1B525D3DC1A8C314A6F8 BaseClass: NativeClass:/Script/Engine.StaticMeshActor Name:StaticMeshActor_UAID_0CCC47EEFD5493FC02_1543316481 Label:castelo_torre_pequena SpatiallyLoaded:1 Bounds:IsValid=true, Min=(X=-14.392 Y=1498.537 Z=65.498), Max=(X=89.744 Y=1942.047 Z=301.979) RuntimeGrid:None EditorOnly:0 RuntimeOnly:0 HLODRelevant:1 ListedInSceneOutliner:1 IsMainWorldOnly:0
 |   |   |- Guid:BEA3DA304FC655B331651D9622C7CBC9 BaseClass: NativeClass:/Script/Engine.StaticMeshActor Name:StaticMeshActor_UAID_0CCC47EEFD5493FC02_1410444480 Label:castelo_Cube SpatiallyLoaded:1 Bounds:IsValid=true, Min=(X=26.914 Y=1572.788 Z=65.346), Max=(X=47.194 Y=1868.052 Z=293.038) RuntimeGrid:None EditorOnly:0 RuntimeOnly:0 HLODRelevant:1 ListedInSceneOutliner:1 IsMainWorldOnly:0
 |   |   |- Guid:C22CE07C4B87D685137FDBBC10FC92C6 BaseClass: NativeClass:/Script/Engine.SkyAtmosphere Name:SkyAtmosphere_0 Label:SkyAtmosphere SpatiallyLoaded:0 Bounds:IsValid=true, Min=(X=0.000 Y=0.000 Z=1020.000), Max=(X=0.000 Y=0.000 Z=1020.000) RuntimeGrid:None EditorOnly:0 RuntimeOnly:0 HLODRelevant:0 ListedInSceneOutliner:1 IsMainWorldOnly:0 FolderPath:Lighting FolderGuid:0BA5F0A04EADB18E70D5B180D08FA34B
 |   |   |- Guid:C87209BD45FA21CF5AD38CBEF5F1418E BaseClass: NativeClass:/Script/Engine.StaticMeshActor Name:StaticMeshActor_UAID_0CCC47EEFD5494FC02_1625313668 Label:Casa4 SpatiallyLoaded:1 Bounds:IsValid=true, Min=(X=1787.687 Y=676.818 Z=69.310), Max=(X=2163.011 Y=940.769 Z=560.415) RuntimeGrid:None EditorOnly:0 RuntimeOnly:0 HLODRelevant:1 ListedInSceneOutliner:1 IsMainWorldOnly:0
 |   |   |- Guid:CE8D82634660FCDB3120E2B8D547C533 BaseClass: NativeClass:/Script/Engine.PostProcessVolume Name:PostProcessVolume_0 Label:PostProcessVolume SpatiallyLoaded:0 Bounds:IsValid=true, Min=(X=0.000 Y=0.000 Z=400.000), Max=(X=200.000 Y=200.000 Z=600.000) RuntimeGrid:None EditorOnly:0 RuntimeOnly:0 HLODRelevant:0 ListedInSceneOutliner:1 IsMainWorldOnly:0 FolderPath:Lighting FolderGuid:0BA5F0A04EADB18E70D5B180D08FA34B
 |   |   |- Guid:D40C863344802DD56848A68E2359B693 BaseClass: NativeClass:/Script/Engine.StaticMeshActor Name:StaticMeshActor_UAID_0CCC47EEFD5414F702_1972597853 Label:Caminho03 SpatiallyLoaded:1 Bounds:IsValid=true, Min=(X=983.006 Y=953.546 Z=-20.000), Max=(X=1176.994 Y=3058.900 Z=80.000) RuntimeGrid:None EditorOnly:0 RuntimeOnly:0 HLODRelevant:1 ListedInSceneOutliner:1 IsMainWorldOnly:0
 |   |   |- Guid:D57305854EF5ECC4AA76E38EB1FC5087 BaseClass: NativeClass:/Script/Engine.Actor Name:Actor_UAID_0CCC47EEFD54F3F802_1554830151 Label:Spawn_Enemy SpatiallyLoaded:1 Bounds:IsValid=true, Min=(X=1951.874 Y=3578.129 Z=87.675), Max=(X=1951.874 Y=3578.129 Z=87.675) RuntimeGrid:None EditorOnly:0 RuntimeOnly:0 HLODRelevant:0 ListedInSceneOutliner:1 IsMainWorldOnly:0
 |   |   |- Guid:E2E71AE24554878F53CDAC949640A521 BaseClass: NativeClass:/Script/Engine.StaticMeshActor Name:StaticMeshActor_UAID_0CCC47EEFD5414F702_1992807854 Label:Caminho04 SpatiallyLoaded:1 Bounds:IsValid=true, Min=(X=297.991 Y=2862.694 Z=-20.000), Max=(X=1162.009 Y=3056.682 Z=80.000) RuntimeGrid:None EditorOnly:0 RuntimeOnly:0 HLODRelevant:1 ListedInSceneOutliner:1 IsMainWorldOnly:0
 |   |   |- Guid:E3B335844FD13DE96FC67FB8DB192020 BaseClass: NativeClass:/Script/Engine.StaticMeshActor Name:StaticMeshActor_UAID_0CCC47EEFD54E6FC02_1395439093 Label:Trees3 SpatiallyLoaded:1 Bounds:IsValid=true, Min=(X=-2075.917 Y=-5551.348 Z=23.282), Max=(X=3815.414 Y=-1003.401 Z=676.782) RuntimeGrid:None EditorOnly:0 RuntimeOnly:0 HLODRelevant:1 ListedInSceneOutliner:1 IsMainWorldOnly:0
 |   |   |- Guid:E3C5735B49A04CD04520CAB3D1E3D97B BaseClass: NativeClass:/Script/Engine.StaticMeshActor Name:StaticMeshActor_UAID_0CCC47EEFD5416F702_1871749218 Label:Cabanas SpatiallyLoaded:1 Bounds:IsValid=true, Min=(X=481.574 Y=1112.044 Z=65.000), Max=(X=971.049 Y=1616.615 Z=166.184) RuntimeGrid:None EditorOnly:0 RuntimeOnly:0 HLODRelevant:1 ListedInSceneOutliner:1 IsMainWorldOnly:0
 |   |   |- Guid:E4B7AEAB406B128852DCDA8E412765BB BaseClass: NativeClass:/Script/Engine.StaticMeshActor Name:StaticMeshActor_UAID_0CCC47EEFD5468F702_1210605643 Label:Ponto1 SpatiallyLoaded:1 Bounds:IsValid=true, Min=(X=1921.955 Y=1062.170 Z=108.765), Max=(X=1938.236 Y=1078.450 Z=125.046) RuntimeGrid:None EditorOnly:0 RuntimeOnly:0 HLODRelevant:1 ListedInSceneOutliner:1 IsMainWorldOnly:0
 |   |   |- Guid:E4FCFD6B4B626705A50A2FA65BB75C7E BaseClass: NativeClass:/Script/Engine.StaticMeshActor Name:StaticMeshActor_UAID_0CCC47EEFD5494FC02_1687589671 Label:Casinhas4 SpatiallyLoaded:1 Bounds:IsValid=true, Min=(X=2083.170 Y=1517.031 Z=80.000), Max=(X=2244.600 Y=2008.610 Z=243.826) RuntimeGrid:None EditorOnly:0 RuntimeOnly:0 HLODRelevant:1 ListedInSceneOutliner:1 IsMainWorldOnly:0
 |   |   |- Guid:E5320C1B4FD9764CE7B54D8487AEC613 BaseClass: NativeClass:/Script/Engine.SkyLight Name:SkyLight_0 Label:SkyLight SpatiallyLoaded:0 Bounds:IsValid=true, Min=(X=0.000 Y=0.000 Z=690.000), Max=(X=0.000 Y=0.000 Z=690.000) RuntimeGrid:None EditorOnly:0 RuntimeOnly:0 HLODRelevant:0 ListedInSceneOutliner:1 IsMainWorldOnly:0 FolderPath:Lighting FolderGuid:0BA5F0A04EADB18E70D5B180D08FA34B
 |   |   |- Guid:E59242B8463DB83E66DC7BB596AD9943 BaseClass: NativeClass:/Script/Engine.StaticMeshActor Name:StaticMeshActor_UAID_0CCC47EEFD5415F702_1540903035 Label:Poco SpatiallyLoaded:1 Bounds:IsValid=true, Min=(X=1513.601 Y=1592.576 Z=69.399), Max=(X=1679.178 Y=1758.153 Z=348.773) RuntimeGrid:None EditorOnly:0 RuntimeOnly:0 HLODRelevant:1 ListedInSceneOutliner:1 IsMainWorldOnly:0
 |   |   |- Guid:E81B532C409D8FF63907218E0509EED5 BaseClass: NativeClass:/Script/Engine.StaticMeshActor Name:StaticMeshActor_UAID_0CCC47EEFD54B3F702_2096624837 Label:Ponto6 SpatiallyLoaded:1 Bounds:IsValid=true, Min=(X=12.038 Y=1685.425 Z=93.169), Max=(X=28.318 Y=1701.706 Z=109.450) RuntimeGrid:None EditorOnly:0 RuntimeOnly:0 HLODRelevant:1 ListedInSceneOutliner:1 IsMainWorldOnly:0
 |   |   |- Guid:E9C592D9460BEA5195B92D982A4C642A BaseClass: NativeClass:/Script/Engine.StaticMeshActor Name:StaticMeshActor_UAID_0CCC47EEFD54E6FC02_1530087097 Label:Trees7 SpatiallyLoaded:1 Bounds:IsValid=true, Min=(X=2088.238 Y=2842.309 Z=23.282), Max=(X=8538.058 Y=9088.000 Z=676.782) RuntimeGrid:None EditorOnly:0 RuntimeOnly:0 HLODRelevant:1 ListedInSceneOutliner:1 IsMainWorldOnly:0
 |   |   |- Guid:EAF47D3D40599C40B759D890C89740A9 BaseClass: NativeClass:/Script/Engine.StaticMeshActor Name:StaticMeshActor_UAID_0CCC47EEFD5463F702_1106777752 Label:StaticMeshActor SpatiallyLoaded:1 Bounds:IsValid=true, Min=(X=1970.000 Y=250.000 Z=570.000), Max=(X=1970.000 Y=250.000 Z=570.000) RuntimeGrid:None EditorOnly:0 RuntimeOnly:0 HLODRelevant:0 ListedInSceneOutliner:1 IsMainWorldOnly:0
 |   |   |- Guid:F039E7C942641AE90C0FA584E8899643 BaseClass: NativeClass:/Script/Engine.StaticMeshActor Name:StaticMeshActor_UAID_0CCC47EEFD54E5FC02_1199495912 Label:Arvores SpatiallyLoaded:1 Bounds:IsValid=true, Min=(X=4209.747 Y=866.353 Z=113.539), Max=(X=4209.747 Y=866.353 Z=113.539) RuntimeGrid:None EditorOnly:0 RuntimeOnly:0 HLODRelevant:0 ListedInSceneOutliner:1 IsMainWorldOnly:0
 |   |   |- Guid:F24B63FE4519262DE28D798391C4E5D6 BaseClass: NativeClass:/Script/Engine.StaticMeshActor Name:StaticMeshActor_UAID_0CCC47EEFD5414F702_1656524850 Label:Caminho01 SpatiallyLoaded:1 Bounds:IsValid=true, Min=(X=1833.006 Y=955.852 Z=-20.000), Max=(X=2026.994 Y=3384.148 Z=80.000) RuntimeGrid:None EditorOnly:0 RuntimeOnly:0 HLODRelevant:1 ListedInSceneOutliner:1 IsMainWorldOnly:0
 |   |   |- Guid:F80621C9446867154938FE81375207DA BaseClass: NativeClass:/Script/Engine.DirectionalLight Name:DirectionalLight_1 Label:DirectionalLight SpatiallyLoaded:0 Bounds:Invalid RuntimeGrid:None EditorOnly:0 RuntimeOnly:0 HLODRelevant:0 ListedInSceneOutliner:1 IsMainWorldOnly:0 FolderPath:Lighting FolderGuid:0BA5F0A04EADB18E70D5B180D08FA34B
 |   |   |- Guid:F90C889D46CD736C745E588B7B08ED54 BaseClass:/Game/MyGame/Inimigos/BP_SpawnEnemy.BP_SpawnEnemy_C NativeClass:/Script/Engine.Actor Name:BP_SpawnEnemy_C_UAID_0CCC47EEFD54F5F802_1597544508 Label:BP_SpawnEnemy SpatiallyLoaded:1 Bounds:IsValid=true, Min=(X=1914.345 Y=3553.044 Z=78.874), Max=(X=1914.345 Y=3553.044 Z=78.874) RuntimeGrid:None EditorOnly:0 RuntimeOnly:0 HLODRelevant:0 ListedInSceneOutliner:1 IsMainWorldOnly:0
 |   |   |- Guid:FA844E2845E3926BAB0CFF9D9E36E158 BaseClass: NativeClass:/Script/Engine.StaticMeshActor Name:StaticMeshActor_UAID_0CCC47EEFD54B3F702_2096124836 Label:Ponto5 SpatiallyLoaded:1 Bounds:IsValid=true, Min=(X=370.184 Y=1718.224 Z=108.765), Max=(X=386.465 Y=1734.505 Z=125.046) RuntimeGrid:None EditorOnly:0 RuntimeOnly:0 HLODRelevant:1 ListedInSceneOutliner:1 IsMainWorldOnly:0
 |   |   |- Guid:FB7719F5447C43AEEF90D5AB6B452A83 BaseClass: NativeClass:/Script/Engine.StaticMeshActor Name:StaticMeshActor_UAID_0CCC47EEFD5415F702_1798215036 Label:Casinhas SpatiallyLoaded:1 Bounds:IsValid=true, Min=(X=1271.390 Y=1233.170 Z=80.000), Max=(X=1762.969 Y=1394.600 Z=243.826) RuntimeGrid:None EditorOnly:0 RuntimeOnly:0 HLODRelevant:1 ListedInSceneOutliner:1 IsMainWorldOnly:0
 |   |   |- Guid:FB8A8AB447FDDCC709C1309CD2EFF8D4 BaseClass:/Game/MyGame/Inimigos/BP_SpawnEnemy.BP_SpawnEnemy_C NativeClass:/Script/Engine.Actor Name:BP_SpawnEnemy_C_UAID_0CCC47EEFD54F7F802_1222086855 Label:BP_SpawnEnemy SpatiallyLoaded:1 Bounds:IsValid=true, Min=(X=1908.976 Y=3541.257 Z=97.905), Max=(X=1908.976 Y=3541.257 Z=97.905) RuntimeGrid:None EditorOnly:0 RuntimeOnly:0 HLODRelevant:0 ListedInSceneOutliner:1 IsMainWorldOnly:0
 |   |- [+] Clusters:
 |   |   |- [+] [  0]
 |   |   |   |- Guid:026CC4024B7001C2940044AC6AEF862D BaseClass: NativeClass:/Script/Engine.StaticMeshActor Name:StaticMeshActor_UAID_0CCC47EEFD5416F702_1280499214 Label:Casa05 SpatiallyLoaded:1 Bounds:IsValid=true, Min=(X=689.228 Y=2066.272 Z=97.716), Max=(X=909.637 Y=2303.994 Z=308.834) RuntimeGrid:None EditorOnly:0 RuntimeOnly:0 HLODRelevant:1 ListedInSceneOutliner:1 IsMainWorldOnly:0
 |   |   |- [+] [  1]
 |   |   |   |- Guid:03F81C7B4A0B317EA2B8039EB558D920 BaseClass: NativeClass:/Script/Engine.StaticMeshActor Name:StaticMeshActor_UAID_0CCC47EEFD5493FC02_1790579485 Label:castelo_castelo SpatiallyLoaded:1 Bounds:IsValid=true, Min=(X=-932.557 Y=1273.607 Z=61.233), Max=(X=-343.913 Y=1861.837 Z=957.729) RuntimeGrid:None EditorOnly:0 RuntimeOnly:0 HLODRelevant:1 ListedInSceneOutliner:1 IsMainWorldOnly:0
 |   |   |- [+] [  2]
 |   |   |   |- Guid:06C056C449921BE4B069CE98E7690F52 BaseClass: NativeClass:/Script/Engine.StaticMeshActor Name:StaticMeshActor_UAID_0CCC47EEFD5494FC02_1378096664 Label:Casa3 SpatiallyLoaded:1 Bounds:IsValid=true, Min=(X=2102.394 Y=2025.173 Z=68.423), Max=(X=2350.073 Y=2375.159 Z=395.968) RuntimeGrid:None EditorOnly:0 RuntimeOnly:0 HLODRelevant:1 ListedInSceneOutliner:1 IsMainWorldOnly:0
 |   |   |- [+] [  3]
 |   |   |   |- Guid:0A3BDD2A41F4C12147BC39BBFA9E95FC BaseClass: NativeClass:/Script/Engine.StaticMeshActor Name:StaticMeshActor_UAID_0CCC47EEFD54E6FC02_1414536094 Label:Trees4 SpatiallyLoaded:1 Bounds:IsValid=true, Min=(X=-2538.588 Y=5121.015 Z=23.282), Max=(X=3352.744 Y=9668.961 Z=676.782) RuntimeGrid:None EditorOnly:0 RuntimeOnly:0 HLODRelevant:1 ListedInSceneOutliner:1 IsMainWorldOnly:0
 |   |   |- [+] [  4]
 |   |   |   |- Guid:1283181E46DEA9C73C1437860945DA93 BaseClass: NativeClass:/Script/Engine.StaticMeshActor Name:StaticMeshActor_UAID_0CCC47EEFD5415F702_1952248037 Label:Casa04 SpatiallyLoaded:1 Bounds:IsValid=true, Min=(X=625.670 Y=2446.463 Z=70.000), Max=(X=906.312 Y=2659.547 Z=445.371) RuntimeGrid:None EditorOnly:0 RuntimeOnly:0 HLODRelevant:1 ListedInSceneOutliner:1 IsMainWorldOnly:0
 |   |   |- [+] [  5]
 |   |   |   |- Guid:1BCDA846478BD0EF832A68AF7E9A5044 BaseClass: NativeClass:/Script/Engine.StaticMeshActor Name:StaticMeshActor_UAID_0CCC47EEFD5415F702_1253212034 Label:Casa03 SpatiallyLoaded:1 Bounds:IsValid=true, Min=(X=1376.818 Y=1836.989 Z=69.310), Max=(X=1640.769 Y=2212.313 Z=560.415) RuntimeGrid:None EditorOnly:0 RuntimeOnly:0 HLODRelevant:1 ListedInSceneOutliner:1 IsMainWorldOnly:0
 |   |   |- [+] [  6]
 |   |   |   |- Guid:1F2EF8B048AF15EE3B7911A78AB661D0 BaseClass: NativeClass:/Script/Engine.StaticMeshActor Name:StaticMeshActor_UAID_0CCC47EEFD54E6FC02_1511468096 Label:Trees6 SpatiallyLoaded:1 Bounds:IsValid=true, Min=(X=2322.445 Y=-6783.976 Z=23.282), Max=(X=8174.235 Y=-326.001 Z=676.782) RuntimeGrid:None EditorOnly:0 RuntimeOnly:0 HLODRelevant:1 ListedInSceneOutliner:1 IsMainWorldOnly:0
 |   |   |- [+] [  7]
 |   |   |   |- Guid:206169934231315FE95554A59913A065 BaseClass: NativeClass:/Script/Engine.StaticMeshActor Name:StaticMeshActor_UAID_0CCC47EEFD5493FC02_1620849482 Label:castelo_muralhas_pequenas SpatiallyLoaded:1 Bounds:IsValid=true, Min=(X=23.267 Y=1241.657 Z=65.694), Max=(X=52.959 Y=2213.827 Z=252.108) RuntimeGrid:None EditorOnly:0 RuntimeOnly:0 HLODRelevant:1 ListedInSceneOutliner:1 IsMainWorldOnly:0
 |   |   |- [+] [  8]
 |   |   |   |- Guid:20FE21084F77B0CD34F0EFB132CAFAF2 BaseClass: NativeClass:/Script/Engine.StaticMeshActor Name:StaticMeshActor_UAID_0CCC47EEFD54E6FC02_1493343095 Label:Trees5 SpatiallyLoaded:1 Bounds:IsValid=true, Min=(X=-6915.054 Y=-6416.481 Z=23.282), Max=(X=-457.079 Y=-564.691 Z=676.782) RuntimeGrid:None EditorOnly:0 RuntimeOnly:0 HLODRelevant:1 ListedInSceneOutliner:1 IsMainWorldOnly:0
 |   |   |- [+] [  9]
 |   |   |   |- Guid:26A4058742015A3C6F4889BD4F0C5DA3 BaseClass: NativeClass:/Script/Engine.StaticMeshActor Name:StaticMeshActor_UAID_0CCC47EEFD5416F702_1482443215 Label:Casa06 SpatiallyLoaded:1 Bounds:IsValid=true, Min=(X=644.471 Y=1711.100 Z=67.054), Max=(X=889.374 Y=1942.818 Z=481.736) RuntimeGrid:None EditorOnly:0 RuntimeOnly:0 HLODRelevant:1 ListedInSceneOutliner:1 IsMainWorldOnly:0
 |   |   |- [+] [ 10]
 |   |   |   |- Guid:2841757547EDDBCA04D40B984D663B18 BaseClass: NativeClass:/Script/Engine.StaticMeshActor Name:StaticMeshActor_UAID_0CCC47EEFD5494FC02_1587989667 Label:Casinhas2 SpatiallyLoaded:1 Bounds:IsValid=true, Min=(X=2063.170 Y=1017.031 Z=80.000), Max=(X=2224.600 Y=1508.610 Z=243.826) RuntimeGrid:None EditorOnly:0 RuntimeOnly:0 HLODRelevant:1 ListedInSceneOutliner:1 IsMainWorldOnly:0
 |   |   |- [+] [ 11]
 |   |   |   |- Guid:2D7941D9466692FA597A0688E0C53C67 BaseClass: NativeClass:/Script/Engine.StaticMeshActor Name:StaticMeshActor_UAID_0CCC47EEFD5414F702_1102938847 Label:Casa01 SpatiallyLoaded:1 Bounds:IsValid=true, Min=(X=1414.681 Y=2317.702 Z=74.551), Max=(X=1711.230 Y=2691.932 Z=450.059) RuntimeGrid:None EditorOnly:0 RuntimeOnly:0 HLODRelevant:1 ListedInSceneOutliner:1 IsMainWorldOnly:0
 |   |   |- [+] [ 12]
 |   |   |   |- Guid:35FEE8824A8A6659AD89CAA211B42BAB BaseClass: NativeClass:/Script/Engine.StaticMeshActor Name:StaticMeshActor_UAID_0CCC47EEFD5493FC02_1845644486 Label:castelo_torre_grandona SpatiallyLoaded:1 Bounds:IsValid=true, Min=(X=-905.411 Y=1878.238 Z=63.830), Max=(X=-581.930 Y=2214.206 Z=1395.921) RuntimeGrid:None EditorOnly:0 RuntimeOnly:0 HLODRelevant:1 ListedInSceneOutliner:1 IsMainWorldOnly:0
 |   |   |- [+] [ 13]
 |   |   |   |- Guid:444755C54FF0BD0A838D5DB0B5A3E831 BaseClass: NativeClass:/Script/Engine.StaticMeshActor Name:StaticMeshActor_UAID_0CCC47EEFD54B3F702_2095091834 Label:Ponto3 SpatiallyLoaded:1 Bounds:IsValid=true, Min=(X=1070.598 Y=2948.988 Z=108.765), Max=(X=1086.879 Y=2965.268 Z=125.046) RuntimeGrid:None EditorOnly:0 RuntimeOnly:0 HLODRelevant:1 ListedInSceneOutliner:1 IsMainWorldOnly:0
 |   |   |   |- Guid:8EEE95A3435133CF5069C1A5CA8B4C52 BaseClass: NativeClass:/Script/Engine.StaticMeshActor Name:StaticMeshActor_UAID_0CCC47EEFD54B3F702_2095537835 Label:Ponto4 SpatiallyLoaded:1 Bounds:IsValid=true, Min=(X=357.860 Y=2967.707 Z=108.765), Max=(X=374.141 Y=2983.987 Z=125.046) RuntimeGrid:None EditorOnly:0 RuntimeOnly:0 HLODRelevant:1 ListedInSceneOutliner:1 IsMainWorldOnly:0
 |   |   |   |- Guid:9E1553F9429909E159D0A38EC39BBECB BaseClass: NativeClass:/Script/Engine.StaticMeshActor Name:StaticMeshActor_UAID_0CCC47EEFD54B3F702_2094439833 Label:Ponto2 SpatiallyLoaded:1 Bounds:IsValid=true, Min=(X=1070.138 Y=1062.170 Z=108.765), Max=(X=1086.418 Y=1078.450 Z=125.046) RuntimeGrid:None EditorOnly:0 RuntimeOnly:0 HLODRelevant:1 ListedInSceneOutliner:1 IsMainWorldOnly:0
 |   |   |   |- Guid:E4B7AEAB406B128852DCDA8E412765BB BaseClass: NativeClass:/Script/Engine.StaticMeshActor Name:StaticMeshActor_UAID_0CCC47EEFD5468F702_1210605643 Label:Ponto1 SpatiallyLoaded:1 Bounds:IsValid=true, Min=(X=1921.955 Y=1062.170 Z=108.765), Max=(X=1938.236 Y=1078.450 Z=125.046) RuntimeGrid:None EditorOnly:0 RuntimeOnly:0 HLODRelevant:1 ListedInSceneOutliner:1 IsMainWorldOnly:0
 |   |   |   |- Guid:E81B532C409D8FF63907218E0509EED5 BaseClass: NativeClass:/Script/Engine.StaticMeshActor Name:StaticMeshActor_UAID_0CCC47EEFD54B3F702_2096624837 Label:Ponto6 SpatiallyLoaded:1 Bounds:IsValid=true, Min=(X=12.038 Y=1685.425 Z=93.169), Max=(X=28.318 Y=1701.706 Z=109.450) RuntimeGrid:None EditorOnly:0 RuntimeOnly:0 HLODRelevant:1 ListedInSceneOutliner:1 IsMainWorldOnly:0
 |   |   |   |- Guid:F90C889D46CD736C745E588B7B08ED54 BaseClass:/Game/MyGame/Inimigos/BP_SpawnEnemy.BP_SpawnEnemy_C NativeClass:/Script/Engine.Actor Name:BP_SpawnEnemy_C_UAID_0CCC47EEFD54F5F802_1597544508 Label:BP_SpawnEnemy SpatiallyLoaded:1 Bounds:IsValid=true, Min=(X=1914.345 Y=3553.044 Z=78.874), Max=(X=1914.345 Y=3553.044 Z=78.874) RuntimeGrid:None EditorOnly:0 RuntimeOnly:0 HLODRelevant:0 ListedInSceneOutliner:1 IsMainWorldOnly:0
 |   |   |   |- Guid:FA844E2845E3926BAB0CFF9D9E36E158 BaseClass: NativeClass:/Script/Engine.StaticMeshActor Name:StaticMeshActor_UAID_0CCC47EEFD54B3F702_2096124836 Label:Ponto5 SpatiallyLoaded:1 Bounds:IsValid=true, Min=(X=370.184 Y=1718.224 Z=108.765), Max=(X=386.465 Y=1734.505 Z=125.046) RuntimeGrid:None EditorOnly:0 RuntimeOnly:0 HLODRelevant:1 ListedInSceneOutliner:1 IsMainWorldOnly:0
 |   |   |   |- Guid:FB8A8AB447FDDCC709C1309CD2EFF8D4 BaseClass:/Game/MyGame/Inimigos/BP_SpawnEnemy.BP_SpawnEnemy_C NativeClass:/Script/Engine.Actor Name:BP_SpawnEnemy_C_UAID_0CCC47EEFD54F7F802_1222086855 Label:BP_SpawnEnemy SpatiallyLoaded:1 Bounds:IsValid=true, Min=(X=1908.976 Y=3541.257 Z=97.905), Max=(X=1908.976 Y=3541.257 Z=97.905) RuntimeGrid:None EditorOnly:0 RuntimeOnly:0 HLODRelevant:0 ListedInSceneOutliner:1 IsMainWorldOnly:0
 |   |   |- [+] [ 14]
 |   |   |   |- Guid:531A80984275105E210306909DB0BEDE BaseClass: NativeClass:/Script/Engine.StaticMeshActor Name:StaticMeshActor_UAID_0CCC47EEFD54E6FC02_1547204098 Label:Trees8 SpatiallyLoaded:1 Bounds:IsValid=true, Min=(X=-7591.520 Y=2541.422 Z=23.282), Max=(X=-1345.829 Y=8991.242 Z=676.782) RuntimeGrid:None EditorOnly:0 RuntimeOnly:0 HLODRelevant:1 ListedInSceneOutliner:1 IsMainWorldOnly:0
 |   |   |- [+] [ 15]
 |   |   |   |- Guid:5330E1A2417BDC0D35CF0A9E134B9B4B BaseClass: NativeClass:/Script/Engine.StaticMeshActor Name:StaticMeshActor_UAID_0CCC47EEFD54E6FC02_1388188092 Label:Trees2 SpatiallyLoaded:1 Bounds:IsValid=true, Min=(X=-6993.219 Y=-1486.401 Z=23.282), Max=(X=-2445.272 Y=4404.931 Z=676.782) RuntimeGrid:None EditorOnly:0 RuntimeOnly:0 HLODRelevant:1 ListedInSceneOutliner:1 IsMainWorldOnly:0
 |   |   |- [+] [ 16]
 |   |   |   |- Guid:56C47F3342D1FF301561C3831DACF302 BaseClass: NativeClass:/Script/Engine.StaticMeshActor Name:StaticMeshActor_UAID_0CCC47EEFD54E5FC02_1916746915 Label:Trees SpatiallyLoaded:1 Bounds:IsValid=true, Min=(X=4573.413 Y=-1778.224 Z=23.282), Max=(X=9121.359 Y=4113.107 Z=676.782) RuntimeGrid:None EditorOnly:0 RuntimeOnly:0 HLODRelevant:1 ListedInSceneOutliner:1 IsMainWorldOnly:0
 |   |   |- [+] [ 17]
 |   |   |   |- Guid:5B31A4384765C5AF83FB4A89F5096E23 BaseClass: NativeClass:/Script/Engine.StaticMeshActor Name:StaticMeshActor_UAID_0CCC47EEFD5414F702_2014159856 Label:Caminho06 SpatiallyLoaded:1 Bounds:IsValid=true, Min=(X=48.596 Y=1617.228 Z=-20.000), Max=(X=411.404 Y=1811.216 Z=80.000) RuntimeGrid:None EditorOnly:0 RuntimeOnly:0 HLODRelevant:1 ListedInSceneOutliner:1 IsMainWorldOnly:0
 |   |   |- [+] [ 18]
 |   |   |   |- Guid:607F16D841DF35F93AC9B9901180E98A BaseClass: NativeClass:/Script/Engine.StaticMeshActor Name:StaticMeshActor_UAID_0CCC47EEFD5414F702_1934550852 Label:Caminho02 SpatiallyLoaded:1 Bounds:IsValid=true, Min=(X=982.863 Y=955.814 Z=-20.000), Max=(X=1846.881 Y=1149.802 Z=80.000) RuntimeGrid:None EditorOnly:0 RuntimeOnly:0 HLODRelevant:1 ListedInSceneOutliner:1 IsMainWorldOnly:0
 |   |   |- [+] [ 19]
 |   |   |   |- Guid:61391D344900612A77DFC3BA3E354907 BaseClass: NativeClass:/Script/Engine.ExponentialHeightFog Name:ExponentialHeightFog_0 Label:ExponentialHeightFog SpatiallyLoaded:0 Bounds:IsValid=true, Min=(X=-5600.000 Y=-50.000 Z=-6850.000), Max=(X=-5600.000 Y=-50.000 Z=-6850.000) RuntimeGrid:None EditorOnly:0 RuntimeOnly:0 HLODRelevant:0 ListedInSceneOutliner:1 IsMainWorldOnly:0 FolderPath:Lighting FolderGuid:0BA5F0A04EADB18E70D5B180D08FA34B
 |   |   |- [+] [ 20]
 |   |   |   |- Guid:6FEFB3BD4EB37B849EF0D4AC80F83855 BaseClass: NativeClass:/Script/Engine.WorldDataLayers Name:WorldDataLayers Label:WorldDataLayers SpatiallyLoaded:0 Bounds:IsValid=true, Min=(X=0.000 Y=0.000 Z=0.000), Max=(X=0.000 Y=0.000 Z=0.000) RuntimeGrid:None EditorOnly:0 RuntimeOnly:0 HLODRelevant:0 ListedInSceneOutliner:1 IsMainWorldOnly:1
 |   |   |- [+] [ 21]
 |   |   |   |- Guid:7609ED534F6B5DFD3B2555B9709C2D93 BaseClass: NativeClass:/Script/Engine.StaticMeshActor Name:StaticMeshActor_UAID_0CCC47EEFD5414F702_2002780855 Label:Caminho05 SpatiallyLoaded:1 Bounds:IsValid=true, Min=(X=273.006 Y=1618.236 Z=-20.000), Max=(X=466.994 Y=3053.250 Z=80.000) RuntimeGrid:None EditorOnly:0 RuntimeOnly:0 HLODRelevant:1 ListedInSceneOutliner:1 IsMainWorldOnly:0
 |   |   |- [+] [ 22]
 |   |   |   |- Guid:78CAF7514C7533F30BD2F19A017AAB65 BaseClass: NativeClass:/Script/Engine.StaticMeshActor Name:StaticMeshActor_0 Label:SM_Cube SpatiallyLoaded:1 Bounds:IsValid=true, Min=(X=-57385.067 Y=-62470.590 Z=-50.000), Max=(X=61122.391 Y=91665.384 Z=65.000) RuntimeGrid:None EditorOnly:0 RuntimeOnly:0 HLODRelevant:1 ListedInSceneOutliner:1 IsMainWorldOnly:0 FolderPath:Playground FolderGuid:6C02BB504B69D1F3D7A624B130C18E5B
 |   |   |- [+] [ 23]
 |   |   |   |- Guid:7B89750F4748614AE07BBE82AEE7EE08 BaseClass: NativeClass:/Script/Engine.StaticMeshActor Name:StaticMeshActor_UAID_0CCC47EEFD5493FC02_1741548484 Label:castelo_MURALHAS SpatiallyLoaded:1 Bounds:IsValid=true, Min=(X=-1011.602 Y=1190.595 Z=65.339), Max=(X=10.533 Y=2264.888 Z=323.176) RuntimeGrid:None EditorOnly:0 RuntimeOnly:0 HLODRelevant:1 ListedInSceneOutliner:1 IsMainWorldOnly:0
 |   |   |- [+] [ 24]
 |   |   |   |- Guid:7C090C4241DCE889B5B7D4B7521401A3 BaseClass: NativeClass:/Script/Engine.StaticMeshActor Name:StaticMeshActor_UAID_0CCC47EEFD5494FC02_1562193666 Label:Casa5 SpatiallyLoaded:1 Bounds:IsValid=true, Min=(X=2073.688 Y=2924.604 Z=70.000), Max=(X=2354.330 Y=3137.688 Z=445.371) RuntimeGrid:None EditorOnly:0 RuntimeOnly:0 HLODRelevant:1 ListedInSceneOutliner:1 IsMainWorldOnly:0
 |   |   |- [+] [ 25]
 |   |   |   |- Guid:7DFBA70E450D0480DD0ED5A542B56066 BaseClass: NativeClass:/Script/Engine.StaticMeshActor Name:StaticMeshActor_UAID_0CCC47EEFD5494FC02_1674539670 Label:Casinhas3 SpatiallyLoaded:1 Bounds:IsValid=true, Min=(X=1221.390 Y=733.170 Z=80.000), Max=(X=1712.969 Y=894.600 Z=243.826) RuntimeGrid:None EditorOnly:0 RuntimeOnly:0 HLODRelevant:1 ListedInSceneOutliner:1 IsMainWorldOnly:0
 |   |   |- [+] [ 26]
 |   |   |   |- Guid:85E17AFD4ABCD87B03098E97E88E7CD5 BaseClass: NativeClass:/Script/Engine.StaticMeshActor Name:StaticMeshActor_UAID_0CCC47EEFD5416F702_1714437217 Label:Casa07 SpatiallyLoaded:1 Bounds:IsValid=true, Min=(X=195.152 Y=1034.954 Z=65.000), Max=(X=586.393 Y=1474.880 Z=490.062) RuntimeGrid:None EditorOnly:0 RuntimeOnly:0 HLODRelevant:1 ListedInSceneOutliner:1 IsMainWorldOnly:0
 |   |   |- [+] [ 27]
 |   |   |   |- Guid:94FF1F6E4A8DD24F39450CA3C737683D BaseClass: NativeClass:/Script/Engine.StaticMeshActor Name:StaticMeshActor_UAID_0CCC47EEFD5494FC02_1543548665 Label:Casa6 SpatiallyLoaded:1 Bounds:IsValid=true, Min=(X=2180.198 Y=2519.107 Z=97.716), Max=(X=2400.608 Y=2756.828 Z=308.834) RuntimeGrid:None EditorOnly:0 RuntimeOnly:0 HLODRelevant:1 ListedInSceneOutliner:1 IsMainWorldOnly:0
 |   |   |- [+] [ 28]
 |   |   |   |- Guid:A354B1B24E617A525DC6B48CCDE2417E BaseClass: NativeClass:/Script/Engine.PlayerStart Name:PlayerStart_0 Label:PlayerStart SpatiallyLoaded:0 Bounds:IsValid=true, Min=(X=1779.384 Y=-173.915 Z=1277.772), Max=(X=1859.384 Y=-35.808 Z=1478.037) RuntimeGrid:None EditorOnly:0 RuntimeOnly:0 HLODRelevant:0 ListedInSceneOutliner:1 IsMainWorldOnly:0
 |   |   |- [+] [ 29]
 |   |   |   |- Guid:A8561E864A95F6C46B8C5E988FFB8ADB BaseClass: NativeClass:/Script/Engine.StaticMeshActor Name:StaticMeshActor_UAID_0CCC47EEFD5414F702_1598359849 Label:Casa02 SpatiallyLoaded:1 Bounds:IsValid=true, Min=(X=1359.927 Y=2724.841 Z=68.423), Max=(X=1607.606 Y=3074.827 Z=395.968) RuntimeGrid:None EditorOnly:0 RuntimeOnly:0 HLODRelevant:1 ListedInSceneOutliner:1 IsMainWorldOnly:0
 |   |   |- [+] [ 30]
 |   |   |   |- Guid:B72A47084C8CCA06A62B7685AEEB7562 BaseClass: NativeClass:/Script/Engine.StaticMeshActor Name:StaticMeshActor_UAID_0CCC47EEFD5493FC02_1680332483 Label:castelo_TORRE_GRANDE SpatiallyLoaded:1 Bounds:IsValid=true, Min=(X=-1058.469 Y=1145.680 Z=65.333), Max=(X=108.214 Y=2309.803 Z=413.023) RuntimeGrid:None EditorOnly:0 RuntimeOnly:0 HLODRelevant:1 ListedInSceneOutliner:1 IsMainWorldOnly:0
 |   |   |- [+] [ 31]
 |   |   |   |- Guid:BA1E14884E5B1B525D3DC1A8C314A6F8 BaseClass: NativeClass:/Script/Engine.StaticMeshActor Name:StaticMeshActor_UAID_0CCC47EEFD5493FC02_1543316481 Label:castelo_torre_pequena SpatiallyLoaded:1 Bounds:IsValid=true, Min=(X=-14.392 Y=1498.537 Z=65.498), Max=(X=89.744 Y=1942.047 Z=301.979) RuntimeGrid:None EditorOnly:0 RuntimeOnly:0 HLODRelevant:1 ListedInSceneOutliner:1 IsMainWorldOnly:0
 |   |   |- [+] [ 32]
 |   |   |   |- Guid:BEA3DA304FC655B331651D9622C7CBC9 BaseClass: NativeClass:/Script/Engine.StaticMeshActor Name:StaticMeshActor_UAID_0CCC47EEFD5493FC02_1410444480 Label:castelo_Cube SpatiallyLoaded:1 Bounds:IsValid=true, Min=(X=26.914 Y=1572.788 Z=65.346), Max=(X=47.194 Y=1868.052 Z=293.038) RuntimeGrid:None EditorOnly:0 RuntimeOnly:0 HLODRelevant:1 ListedInSceneOutliner:1 IsMainWorldOnly:0
 |   |   |- [+] [ 33]
 |   |   |   |- Guid:C22CE07C4B87D685137FDBBC10FC92C6 BaseClass: NativeClass:/Script/Engine.SkyAtmosphere Name:SkyAtmosphere_0 Label:SkyAtmosphere SpatiallyLoaded:0 Bounds:IsValid=true, Min=(X=0.000 Y=0.000 Z=1020.000), Max=(X=0.000 Y=0.000 Z=1020.000) RuntimeGrid:None EditorOnly:0 RuntimeOnly:0 HLODRelevant:0 ListedInSceneOutliner:1 IsMainWorldOnly:0 FolderPath:Lighting FolderGuid:0BA5F0A04EADB18E70D5B180D08FA34B
 |   |   |- [+] [ 34]
 |   |   |   |- Guid:C87209BD45FA21CF5AD38CBEF5F1418E BaseClass: NativeClass:/Script/Engine.StaticMeshActor Name:StaticMeshActor_UAID_0CCC47EEFD5494FC02_1625313668 Label:Casa4 SpatiallyLoaded:1 Bounds:IsValid=true, Min=(X=1787.687 Y=676.818 Z=69.310), Max=(X=2163.011 Y=940.769 Z=560.415) RuntimeGrid:None EditorOnly:0 RuntimeOnly:0 HLODRelevant:1 ListedInSceneOutliner:1 IsMainWorldOnly:0
 |   |   |- [+] [ 35]
 |   |   |   |- Guid:CE8D82634660FCDB3120E2B8D547C533 BaseClass: NativeClass:/Script/Engine.PostProcessVolume Name:PostProcessVolume_0 Label:PostProcessVolume SpatiallyLoaded:0 Bounds:IsValid=true, Min=(X=0.000 Y=0.000 Z=400.000), Max=(X=200.000 Y=200.000 Z=600.000) RuntimeGrid:None EditorOnly:0 RuntimeOnly:0 HLODRelevant:0 ListedInSceneOutliner:1 IsMainWorldOnly:0 FolderPath:Lighting FolderGuid:0BA5F0A04EADB18E70D5B180D08FA34B
 |   |   |- [+] [ 36]
 |   |   |   |- Guid:D40C863344802DD56848A68E2359B693 BaseClass: NativeClass:/Script/Engine.StaticMeshActor Name:StaticMeshActor_UAID_0CCC47EEFD5414F702_1972597853 Label:Caminho03 SpatiallyLoaded:1 Bounds:IsValid=true, Min=(X=983.006 Y=953.546 Z=-20.000), Max=(X=1176.994 Y=3058.900 Z=80.000) RuntimeGrid:None EditorOnly:0 RuntimeOnly:0 HLODRelevant:1 ListedInSceneOutliner:1 IsMainWorldOnly:0
 |   |   |- [+] [ 37]
 |   |   |   |- Guid:D57305854EF5ECC4AA76E38EB1FC5087 BaseClass: NativeClass:/Script/Engine.Actor Name:Actor_UAID_0CCC47EEFD54F3F802_1554830151 Label:Spawn_Enemy SpatiallyLoaded:1 Bounds:IsValid=true, Min=(X=1951.874 Y=3578.129 Z=87.675), Max=(X=1951.874 Y=3578.129 Z=87.675) RuntimeGrid:None EditorOnly:0 RuntimeOnly:0 HLODRelevant:0 ListedInSceneOutliner:1 IsMainWorldOnly:0
 |   |   |- [+] [ 38]
 |   |   |   |- Guid:E2E71AE24554878F53CDAC949640A521 BaseClass: NativeClass:/Script/Engine.StaticMeshActor Name:StaticMeshActor_UAID_0CCC47EEFD5414F702_1992807854 Label:Caminho04 SpatiallyLoaded:1 Bounds:IsValid=true, Min=(X=297.991 Y=2862.694 Z=-20.000), Max=(X=1162.009 Y=3056.682 Z=80.000) RuntimeGrid:None EditorOnly:0 RuntimeOnly:0 HLODRelevant:1 ListedInSceneOutliner:1 IsMainWorldOnly:0
 |   |   |- [+] [ 39]
 |   |   |   |- Guid:E3B335844FD13DE96FC67FB8DB192020 BaseClass: NativeClass:/Script/Engine.StaticMeshActor Name:StaticMeshActor_UAID_0CCC47EEFD54E6FC02_1395439093 Label:Trees3 SpatiallyLoaded:1 Bounds:IsValid=true, Min=(X=-2075.917 Y=-5551.348 Z=23.282), Max=(X=3815.414 Y=-1003.401 Z=676.782) RuntimeGrid:None EditorOnly:0 RuntimeOnly:0 HLODRelevant:1 ListedInSceneOutliner:1 IsMainWorldOnly:0
 |   |   |- [+] [ 40]
 |   |   |   |- Guid:E3C5735B49A04CD04520CAB3D1E3D97B BaseClass: NativeClass:/Script/Engine.StaticMeshActor Name:StaticMeshActor_UAID_0CCC47EEFD5416F702_1871749218 Label:Cabanas SpatiallyLoaded:1 Bounds:IsValid=true, Min=(X=481.574 Y=1112.044 Z=65.000), Max=(X=971.049 Y=1616.615 Z=166.184) RuntimeGrid:None EditorOnly:0 RuntimeOnly:0 HLODRelevant:1 ListedInSceneOutliner:1 IsMainWorldOnly:0
 |   |   |- [+] [ 41]
 |   |   |   |- Guid:E4FCFD6B4B626705A50A2FA65BB75C7E BaseClass: NativeClass:/Script/Engine.StaticMeshActor Name:StaticMeshActor_UAID_0CCC47EEFD5494FC02_1687589671 Label:Casinhas4 SpatiallyLoaded:1 Bounds:IsValid=true, Min=(X=2083.170 Y=1517.031 Z=80.000), Max=(X=2244.600 Y=2008.610 Z=243.826) RuntimeGrid:None EditorOnly:0 RuntimeOnly:0 HLODRelevant:1 ListedInSceneOutliner:1 IsMainWorldOnly:0
 |   |   |- [+] [ 42]
 |   |   |   |- Guid:E5320C1B4FD9764CE7B54D8487AEC613 BaseClass: NativeClass:/Script/Engine.SkyLight Name:SkyLight_0 Label:SkyLight SpatiallyLoaded:0 Bounds:IsValid=true, Min=(X=0.000 Y=0.000 Z=690.000), Max=(X=0.000 Y=0.000 Z=690.000) RuntimeGrid:None EditorOnly:0 RuntimeOnly:0 HLODRelevant:0 ListedInSceneOutliner:1 IsMainWorldOnly:0 FolderPath:Lighting FolderGuid:0BA5F0A04EADB18E70D5B180D08FA34B
 |   |   |- [+] [ 43]
 |   |   |   |- Guid:E59242B8463DB83E66DC7BB596AD9943 BaseClass: NativeClass:/Script/Engine.StaticMeshActor Name:StaticMeshActor_UAID_0CCC47EEFD5415F702_1540903035 Label:Poco SpatiallyLoaded:1 Bounds:IsValid=true, Min=(X=1513.601 Y=1592.576 Z=69.399), Max=(X=1679.178 Y=1758.153 Z=348.773) RuntimeGrid:None EditorOnly:0 RuntimeOnly:0 HLODRelevant:1 ListedInSceneOutliner:1 IsMainWorldOnly:0
 |   |   |- [+] [ 44]
 |   |   |   |- Guid:E9C592D9460BEA5195B92D982A4C642A BaseClass: NativeClass:/Script/Engine.StaticMeshActor Name:StaticMeshActor_UAID_0CCC47EEFD54E6FC02_1530087097 Label:Trees7 SpatiallyLoaded:1 Bounds:IsValid=true, Min=(X=2088.238 Y=2842.309 Z=23.282), Max=(X=8538.058 Y=9088.000 Z=676.782) RuntimeGrid:None EditorOnly:0 RuntimeOnly:0 HLODRelevant:1 ListedInSceneOutliner:1 IsMainWorldOnly:0
 |   |   |- [+] [ 45]
 |   |   |   |- Guid:EAF47D3D40599C40B759D890C89740A9 BaseClass: NativeClass:/Script/Engine.StaticMeshActor Name:StaticMeshActor_UAID_0CCC47EEFD5463F702_1106777752 Label:StaticMeshActor SpatiallyLoaded:1 Bounds:IsValid=true, Min=(X=1970.000 Y=250.000 Z=570.000), Max=(X=1970.000 Y=250.000 Z=570.000) RuntimeGrid:None EditorOnly:0 RuntimeOnly:0 HLODRelevant:0 ListedInSceneOutliner:1 IsMainWorldOnly:0
 |   |   |- [+] [ 46]
 |   |   |   |- Guid:F039E7C942641AE90C0FA584E8899643 BaseClass: NativeClass:/Script/Engine.StaticMeshActor Name:StaticMeshActor_UAID_0CCC47EEFD54E5FC02_1199495912 Label:Arvores SpatiallyLoaded:1 Bounds:IsValid=true, Min=(X=4209.747 Y=866.353 Z=113.539), Max=(X=4209.747 Y=866.353 Z=113.539) RuntimeGrid:None EditorOnly:0 RuntimeOnly:0 HLODRelevant:0 ListedInSceneOutliner:1 IsMainWorldOnly:0
 |   |   |- [+] [ 47]
 |   |   |   |- Guid:F24B63FE4519262DE28D798391C4E5D6 BaseClass: NativeClass:/Script/Engine.StaticMeshActor Name:StaticMeshActor_UAID_0CCC47EEFD5414F702_1656524850 Label:Caminho01 SpatiallyLoaded:1 Bounds:IsValid=true, Min=(X=1833.006 Y=955.852 Z=-20.000), Max=(X=2026.994 Y=3384.148 Z=80.000) RuntimeGrid:None EditorOnly:0 RuntimeOnly:0 HLODRelevant:1 ListedInSceneOutliner:1 IsMainWorldOnly:0
 |   |   |- [+] [ 48]
 |   |   |   |- Guid:F80621C9446867154938FE81375207DA BaseClass: NativeClass:/Script/Engine.DirectionalLight Name:DirectionalLight_1 Label:DirectionalLight SpatiallyLoaded:0 Bounds:Invalid RuntimeGrid:None EditorOnly:0 RuntimeOnly:0 HLODRelevant:0 ListedInSceneOutliner:1 IsMainWorldOnly:0 FolderPath:Lighting FolderGuid:0BA5F0A04EADB18E70D5B180D08FA34B
 |   |   |- [+] [ 49]
 |   |   |   |- Guid:FB7719F5447C43AEEF90D5AB6B452A83 BaseClass: NativeClass:/Script/Engine.StaticMeshActor Name:StaticMeshActor_UAID_0CCC47EEFD5415F702_1798215036 Label:Casinhas SpatiallyLoaded:1 Bounds:IsValid=true, Min=(X=1271.390 Y=1233.170 Z=80.000), Max=(X=1762.969 Y=1394.600 Z=243.826) RuntimeGrid:None EditorOnly:0 RuntimeOnly:0 HLODRelevant:1 ListedInSceneOutliner:1 IsMainWorldOnly:0
 |- ContainerInstances:
 |- [+] MainContainer:
 |   |-        ID: 00000000000000000000000000000000
 |   |-  ParentID: 00000000000000000000000000000000
 |   |-    Bounds: IsValid=false, Min=(X=0.000 Y=0.000 Z=0.000), Max=(X=0.000 Y=0.000 Z=0.000)
 |   |- Transform: 0.000000,0.000000,0.000000|0.000000,0.000000,-0.000000|1.000000,1.000000,1.000000
 |   |- Container: /Game/FirstPerson/Maps/FirstPersonMap
----------------------------------------------------------------------------------------------------------------
FirstPersonMap - Persistent Level
----------------------------------------------------------------------------------------------------------------
[+] Content of FirstPersonMap Persistent Level
 |- Always loaded Actor Count: 57 
 |- Actor Path: /Game/FirstPerson/Maps/FirstPersonMap.FirstPersonMap:PersistentLevel.Actor_UAID_0CCC47EEFD54F3F802_1554830151
 |- Actor Package: /Game/__ExternalActors__/FirstPerson/Maps/FirstPersonMap/8/RF/ZIE45LXX9E6UHLCEYV0UIK
 |- Actor Path: /Game/FirstPerson/Maps/FirstPersonMap.FirstPersonMap:PersistentLevel.BP_SpawnEnemy_C_UAID_0CCC47EEFD54F5F802_1597544508
 |- Actor Package: /Game/__ExternalActors__/FirstPerson/Maps/FirstPersonMap/9/9K/WT6RU8UG2MPL3SKVUBP4UP
 |- Actor Path: /Game/FirstPerson/Maps/FirstPersonMap.FirstPersonMap:PersistentLevel.BP_SpawnEnemy_C_UAID_0CCC47EEFD54F7F802_1222086855
 |- Actor Package: /Game/__ExternalActors__/FirstPerson/Maps/FirstPersonMap/7/86/L02Q9LZAEOQ9I3MKNSD1JZ
 |- Actor Path: /Game/FirstPerson/Maps/FirstPersonMap.FirstPersonMap:PersistentLevel.DirectionalLight_1
 |- Actor Package: /Game/__ExternalActors__/FirstPerson/Maps/FirstPersonMap/0/WB/V4ALNTJYOVWM8BU452CKV5
 |- Actor Path: /Game/FirstPerson/Maps/FirstPersonMap.FirstPersonMap:PersistentLevel.ExponentialHeightFog_0
 |- Actor Package: /Game/__ExternalActors__/FirstPerson/Maps/FirstPersonMap/0/CL/381LM03PFI8AF9NED1SEV2
 |- Actor Path: /Game/FirstPerson/Maps/FirstPersonMap.FirstPersonMap:PersistentLevel.PlayerStart_0
 |- Actor Package: /Game/__ExternalActors__/FirstPerson/Maps/FirstPersonMap/8/Z7/W1SXRCM1KAKBJOIZDLHZ47
 |- Actor Path: /Game/FirstPerson/Maps/FirstPersonMap.FirstPersonMap:PersistentLevel.PostProcessVolume_0
 |- Actor Package: /Game/__ExternalActors__/FirstPerson/Maps/FirstPersonMap/E/MX/R1GV431P5FDO08OFULRA01
 |- Actor Path: /Game/FirstPerson/Maps/FirstPersonMap.FirstPersonMap:PersistentLevel.SkyAtmosphere_0
 |- Actor Package: /Game/__ExternalActors__/FirstPerson/Maps/FirstPersonMap/C/VO/VMN4G7K3NKKV6F8HTPHHDB
 |- Actor Path: /Game/FirstPerson/Maps/FirstPersonMap.FirstPersonMap:PersistentLevel.SkyLight_0
 |- Actor Package: /Game/__ExternalActors__/FirstPerson/Maps/FirstPersonMap/6/0Z/5RQIHCZ9W3UXRGL4LTLQAK
 |- Actor Path: /Game/FirstPerson/Maps/FirstPersonMap.FirstPersonMap:PersistentLevel.StaticMeshActor_0
 |- Actor Package: /Game/__ExternalActors__/FirstPerson/Maps/FirstPersonMap/7/L5/1ZJ54FMA0DAL3I2Q8RFAIB
 |- Actor Path: /Game/FirstPerson/Maps/FirstPersonMap.FirstPersonMap:PersistentLevel.StaticMeshActor_UAID_0CCC47EEFD5414F702_1102938847
 |- Actor Package: /Game/__ExternalActors__/FirstPerson/Maps/FirstPersonMap/A/2Q/4X66WXIVFSNHA9VTZIM9PU
 |- Actor Path: /Game/FirstPerson/Maps/FirstPersonMap.FirstPersonMap:PersistentLevel.StaticMeshActor_UAID_0CCC47EEFD5414F702_1598359849
 |- Actor Package: /Game/__ExternalActors__/FirstPerson/Maps/FirstPersonMap/A/UQ/H97TJRHDCNHHCLFW3LJRF8
 |- Actor Path: /Game/FirstPerson/Maps/FirstPersonMap.FirstPersonMap:PersistentLevel.StaticMeshActor_UAID_0CCC47EEFD5414F702_1656524850
 |- Actor Package: /Game/__ExternalActors__/FirstPerson/Maps/FirstPersonMap/E/HI/6FT10T0QM9OMVE7NDU3LZS
 |- Actor Path: /Game/FirstPerson/Maps/FirstPersonMap.FirstPersonMap:PersistentLevel.StaticMeshActor_UAID_0CCC47EEFD5414F702_1934550852
 |- Actor Package: /Game/__ExternalActors__/FirstPerson/Maps/FirstPersonMap/A/AH/02ESZEFLPJIEROCK4AZHIO
 |- Actor Path: /Game/FirstPerson/Maps/FirstPersonMap.FirstPersonMap:PersistentLevel.StaticMeshActor_UAID_0CCC47EEFD5414F702_1972597853
 |- Actor Package: /Game/__ExternalActors__/FirstPerson/Maps/FirstPersonMap/D/HI/6WD19NP1EL1K2WZLUJQ4KT
 |- Actor Path: /Game/FirstPerson/Maps/FirstPersonMap.FirstPersonMap:PersistentLevel.StaticMeshActor_UAID_0CCC47EEFD5414F702_1992807854
 |- Actor Package: /Game/__ExternalActors__/FirstPerson/Maps/FirstPersonMap/B/25/NA4C8YB8W9EQHH51TY5W9H
 |- Actor Path: /Game/FirstPerson/Maps/FirstPersonMap.FirstPersonMap:PersistentLevel.StaticMeshActor_UAID_0CCC47EEFD5414F702_2002780855
 |- Actor Package: /Game/__ExternalActors__/FirstPerson/Maps/FirstPersonMap/6/LU/E9XDKJVL3MUTUQ0X7Z10QL
 |- Actor Path: /Game/FirstPerson/Maps/FirstPersonMap.FirstPersonMap:PersistentLevel.StaticMeshActor_UAID_0CCC47EEFD5414F702_2014159856
 |- Actor Package: /Game/__ExternalActors__/FirstPerson/Maps/FirstPersonMap/E/6P/MIX6ZSPZE0276DSJ9MCOBX
 |- Actor Path: /Game/FirstPerson/Maps/FirstPersonMap.FirstPersonMap:PersistentLevel.StaticMeshActor_UAID_0CCC47EEFD5415F702_1253212034
 |- Actor Package: /Game/__ExternalActors__/FirstPerson/Maps/FirstPersonMap/B/IF/6UD2183HFYNXF02MVGO4CG
 |- Actor Path: /Game/FirstPerson/Maps/FirstPersonMap.FirstPersonMap:PersistentLevel.StaticMeshActor_UAID_0CCC47EEFD5415F702_1540903035
 |- Actor Package: /Game/__ExternalActors__/FirstPerson/Maps/FirstPersonMap/3/NN/JPDKHR73R6PVW55ASB4R98
 |- Actor Path: /Game/FirstPerson/Maps/FirstPersonMap.FirstPersonMap:PersistentLevel.StaticMeshActor_UAID_0CCC47EEFD5415F702_1798215036
 |- Actor Package: /Game/__ExternalActors__/FirstPerson/Maps/FirstPersonMap/5/TY/OKOG9V4HRWG4E3V64Y6O8X
 |- Actor Path: /Game/FirstPerson/Maps/FirstPersonMap.FirstPersonMap:PersistentLevel.StaticMeshActor_UAID_0CCC47EEFD5415F702_1952248037
 |- Actor Package: /Game/__ExternalActors__/FirstPerson/Maps/FirstPersonMap/1/PC/ZR8SA84UW9S785DKAYN144
 |- Actor Path: /Game/FirstPerson/Maps/FirstPersonMap.FirstPersonMap:PersistentLevel.StaticMeshActor_UAID_0CCC47EEFD5416F702_1280499214
 |- Actor Package: /Game/__ExternalActors__/FirstPerson/Maps/FirstPersonMap/7/VN/CGGTR8S5H27NDWU7U21MJS
 |- Actor Path: /Game/FirstPerson/Maps/FirstPersonMap.FirstPersonMap:PersistentLevel.StaticMeshActor_UAID_0CCC47EEFD5416F702_1482443215
 |- Actor Package: /Game/__ExternalActors__/FirstPerson/Maps/FirstPersonMap/6/OE/F4RE53PAORVJ67KRCT01IV
 |- Actor Path: /Game/FirstPerson/Maps/FirstPersonMap.FirstPersonMap:PersistentLevel.StaticMeshActor_UAID_0CCC47EEFD5416F702_1714437217
 |- Actor Package: /Game/__ExternalActors__/FirstPerson/Maps/FirstPersonMap/3/2P/2CZT7XBJBKW2Y3YDQ3UV2O
 |- Actor Path: /Game/FirstPerson/Maps/FirstPersonMap.FirstPersonMap:PersistentLevel.StaticMeshActor_UAID_0CCC47EEFD5416F702_1871749218
 |- Actor Package: /Game/__ExternalActors__/FirstPerson/Maps/FirstPersonMap/1/EE/FMILTLCAD3VO3V3ZHO8W7I
 |- Actor Path: /Game/FirstPerson/Maps/FirstPersonMap.FirstPersonMap:PersistentLevel.StaticMeshActor_UAID_0CCC47EEFD5463F702_1106777752
 |- Actor Package: /Game/__ExternalActors__/FirstPerson/Maps/FirstPersonMap/C/YZ/969C9OH4SBWLE3XEWDOMCB
 |- Actor Path: /Game/FirstPerson/Maps/FirstPersonMap.FirstPersonMap:PersistentLevel.StaticMeshActor_UAID_0CCC47EEFD5468F702_1210605643
 |- Actor Package: /Game/__ExternalActors__/FirstPerson/Maps/FirstPersonMap/5/RB/GF78Q6FN2WZS3HZO5XX24I
 |- Actor Path: /Game/FirstPerson/Maps/FirstPersonMap.FirstPersonMap:PersistentLevel.StaticMeshActor_UAID_0CCC47EEFD5493FC02_1410444480
 |- Actor Package: /Game/__ExternalActors__/FirstPerson/Maps/FirstPersonMap/C/0H/HS3AH82A3O193T69GAH6VG
 |- Actor Path: /Game/FirstPerson/Maps/FirstPersonMap.FirstPersonMap:PersistentLevel.StaticMeshActor_UAID_0CCC47EEFD5493FC02_1543316481
 |- Actor Package: /Game/__ExternalActors__/FirstPerson/Maps/FirstPersonMap/B/PE/6TFQAGOY3DPZXCOL9AV1LN
 |- Actor Path: /Game/FirstPerson/Maps/FirstPersonMap.FirstPersonMap:PersistentLevel.StaticMeshActor_UAID_0CCC47EEFD5493FC02_1620849482
 |- Actor Package: /Game/__ExternalActors__/FirstPerson/Maps/FirstPersonMap/7/YM/XPG90E0S33PHNFWWA3IM8L
 |- Actor Path: /Game/FirstPerson/Maps/FirstPersonMap.FirstPersonMap:PersistentLevel.StaticMeshActor_UAID_0CCC47EEFD5493FC02_1680332483
 |- Actor Package: /Game/__ExternalActors__/FirstPerson/Maps/FirstPersonMap/7/I7/MB0VH45CXDA3VSXJWDUEIY
 |- Actor Path: /Game/FirstPerson/Maps/FirstPersonMap.FirstPersonMap:PersistentLevel.StaticMeshActor_UAID_0CCC47EEFD5493FC02_1741548484
 |- Actor Package: /Game/__ExternalActors__/FirstPerson/Maps/FirstPersonMap/A/A3/109GNDNXNAF9XBQO26MBKQ
 |- Actor Path: /Game/FirstPerson/Maps/FirstPersonMap.FirstPersonMap:PersistentLevel.StaticMeshActor_UAID_0CCC47EEFD5493FC02_1790579485
 |- Actor Package: /Game/__ExternalActors__/FirstPerson/Maps/FirstPersonMap/0/H4/PTBLCR8036KY07M1X8GZ6K
 |- Actor Path: /Game/FirstPerson/Maps/FirstPersonMap.FirstPersonMap:PersistentLevel.StaticMeshActor_UAID_0CCC47EEFD5493FC02_1845644486
 |- Actor Package: /Game/__ExternalActors__/FirstPerson/Maps/FirstPersonMap/4/B3/WWTN9WPDUZ3PSXCHVI6BLA
 |- Actor Path: /Game/FirstPerson/Maps/FirstPersonMap.FirstPersonMap:PersistentLevel.StaticMeshActor_UAID_0CCC47EEFD5494FC02_1378096664
 |- Actor Package: /Game/__ExternalActors__/FirstPerson/Maps/FirstPersonMap/0/HL/LODQA20TANAZNLPYVVQFQ1
 |- Actor Path: /Game/FirstPerson/Maps/FirstPersonMap.FirstPersonMap:PersistentLevel.StaticMeshActor_UAID_0CCC47EEFD5494FC02_1543548665
 |- Actor Package: /Game/__ExternalActors__/FirstPerson/Maps/FirstPersonMap/C/L5/83RBNE5WCRALZKA2AUI8QJ
 |- Actor Path: /Game/FirstPerson/Maps/FirstPersonMap.FirstPersonMap:PersistentLevel.StaticMeshActor_UAID_0CCC47EEFD5494FC02_1562193666
 |- Actor Package: /Game/__ExternalActors__/FirstPerson/Maps/FirstPersonMap/1/IE/V1I9TQTXN95QBSR38WKUYW
 |- Actor Path: /Game/FirstPerson/Maps/FirstPersonMap.FirstPersonMap:PersistentLevel.StaticMeshActor_UAID_0CCC47EEFD5494FC02_1587989667
 |- Actor Package: /Game/__ExternalActors__/FirstPerson/Maps/FirstPersonMap/8/N8/LB484SSSD1BB99HH6OSCS8
 |- Actor Path: /Game/FirstPerson/Maps/FirstPersonMap.FirstPersonMap:PersistentLevel.StaticMeshActor_UAID_0CCC47EEFD5494FC02_1625313668
 |- Actor Package: /Game/__ExternalActors__/FirstPerson/Maps/FirstPersonMap/9/F1/35KJVHHZWAAB195WS4QVH0
 |- Actor Path: /Game/FirstPerson/Maps/FirstPersonMap.FirstPersonMap:PersistentLevel.StaticMeshActor_UAID_0CCC47EEFD5494FC02_1674539670
 |- Actor Package: /Game/__ExternalActors__/FirstPerson/Maps/FirstPersonMap/E/DN/LNIY8G00VA7TWH7427C0Q2
 |- Actor Path: /Game/FirstPerson/Maps/FirstPersonMap.FirstPersonMap:PersistentLevel.StaticMeshActor_UAID_0CCC47EEFD5494FC02_1687589671
 |- Actor Package: /Game/__ExternalActors__/FirstPerson/Maps/FirstPersonMap/D/78/6AR3KPQFCRRJQTWTA7GIZB
 |- Actor Path: /Game/FirstPerson/Maps/FirstPersonMap.FirstPersonMap:PersistentLevel.StaticMeshActor_UAID_0CCC47EEFD54B3F702_2094439833
 |- Actor Package: /Game/__ExternalActors__/FirstPerson/Maps/FirstPersonMap/4/4B/6XW4KNGBAR6UVNJJBE98DE
 |- Actor Path: /Game/FirstPerson/Maps/FirstPersonMap.FirstPersonMap:PersistentLevel.StaticMeshActor_UAID_0CCC47EEFD54B3F702_2095091834
 |- Actor Package: /Game/__ExternalActors__/FirstPerson/Maps/FirstPersonMap/B/JW/FWFOYZBPEAJ9LJ40PS1V50
 |- Actor Path: /Game/FirstPerson/Maps/FirstPersonMap.FirstPersonMap:PersistentLevel.StaticMeshActor_UAID_0CCC47EEFD54B3F702_2095537835
 |- Actor Package: /Game/__ExternalActors__/FirstPerson/Maps/FirstPersonMap/A/3X/RVHTJZUV7QNUJP1DSKK6XF
 |- Actor Path: /Game/FirstPerson/Maps/FirstPersonMap.FirstPersonMap:PersistentLevel.StaticMeshActor_UAID_0CCC47EEFD54B3F702_2096124836
 |- Actor Package: /Game/__ExternalActors__/FirstPerson/Maps/FirstPersonMap/0/VF/BDDQV5WDOCXCAUHPPJ6XUC
 |- Actor Path: /Game/FirstPerson/Maps/FirstPersonMap.FirstPersonMap:PersistentLevel.StaticMeshActor_UAID_0CCC47EEFD54B3F702_2096624837
 |- Actor Package: /Game/__ExternalActors__/FirstPerson/Maps/FirstPersonMap/D/0C/AXCUI45QFPW1MXDFNOKVFB
 |- Actor Path: /Game/FirstPerson/Maps/FirstPersonMap.FirstPersonMap:PersistentLevel.StaticMeshActor_UAID_0CCC47EEFD54E5FC02_1199495912
 |- Actor Package: /Game/__ExternalActors__/FirstPerson/Maps/FirstPersonMap/5/I4/795E1Q1AX6UFZAX8CVBG6J
 |- Actor Path: /Game/FirstPerson/Maps/FirstPersonMap.FirstPersonMap:PersistentLevel.StaticMeshActor_UAID_0CCC47EEFD54E5FC02_1916746915
 |- Actor Package: /Game/__ExternalActors__/FirstPerson/Maps/FirstPersonMap/2/6U/576EQ8AQH5W5ZKCHJNX1XB
 |- Actor Path: /Game/FirstPerson/Maps/FirstPersonMap.FirstPersonMap:PersistentLevel.StaticMeshActor_UAID_0CCC47EEFD54E6FC02_1388188092
 |- Actor Package: /Game/__ExternalActors__/FirstPerson/Maps/FirstPersonMap/6/EU/ZPDGKZ80LYBX53WVI05AU0
 |- Actor Path: /Game/FirstPerson/Maps/FirstPersonMap.FirstPersonMap:PersistentLevel.StaticMeshActor_UAID_0CCC47EEFD54E6FC02_1395439093
 |- Actor Package: /Game/__ExternalActors__/FirstPerson/Maps/FirstPersonMap/7/B4/EA1CRGNSANGN1IQTEM60U1
 |- Actor Path: /Game/FirstPerson/Maps/FirstPersonMap.FirstPersonMap:PersistentLevel.StaticMeshActor_UAID_0CCC47EEFD54E6FC02_1414536094
 |- Actor Package: /Game/__ExternalActors__/FirstPerson/Maps/FirstPersonMap/4/FE/8W8SQGJY06H8Z5N8E6DM40
 |- Actor Path: /Game/FirstPerson/Maps/FirstPersonMap.FirstPersonMap:PersistentLevel.StaticMeshActor_UAID_0CCC47EEFD54E6FC02_1493343095
 |- Actor Package: /Game/__ExternalActors__/FirstPerson/Maps/FirstPersonMap/D/RJ/97Z5KBA3GEHVRF0E8MLRD1
 |- Actor Path: /Game/FirstPerson/Maps/FirstPersonMap.FirstPersonMap:PersistentLevel.StaticMeshActor_UAID_0CCC47EEFD54E6FC02_1511468096
 |- Actor Package: /Game/__ExternalActors__/FirstPerson/Maps/FirstPersonMap/5/VB/J230JR6DZIKQGE49WRD4OH
 |- Actor Path: /Game/FirstPerson/Maps/FirstPersonMap.FirstPersonMap:PersistentLevel.StaticMeshActor_UAID_0CCC47EEFD54E6FC02_1530087097
 |- Actor Package: /Game/__ExternalActors__/FirstPerson/Maps/FirstPersonMap/D/1N/HNV671MTB8OH3MO8I82IQD
 |- Actor Path: /Game/FirstPerson/Maps/FirstPersonMap.FirstPersonMap:PersistentLevel.StaticMeshActor_UAID_0CCC47EEFD54E6FC02_1547204098
 |- Actor Package: /Game/__ExternalActors__/FirstPerson/Maps/FirstPersonMap/3/A4/NAD2EH7XD9QDLRVCXMW6RE
 |- Actor Path: /Game/FirstPerson/Maps/FirstPersonMap.FirstPersonMap:PersistentLevel.WorldDataLayers
 |- Actor Package: /Game/__ExternalActors__/FirstPerson/Maps/FirstPersonMap/D/0W/E1FKEGVKGOLM7HGLQPCIPO

----------------------------------------------------------------------------------------------------------------
FirstPersonMap - Runtime Hash Set
----------------------------------------------------------------------------------------------------------------

